 ------ --------------------------------------------------------------------------------------------------------------------------------------------------------------------------------------------------------------------------- 
  Line   Modules/Car/Repositories/CarRepository.php                                                                                                                                                                                 
 ------ --------------------------------------------------------------------------------------------------------------------------------------------------------------------------------------------------------------------------- 
  34     Parameter #1 $builder of method App\Filters\BaseFilter<Illuminate\Database\Eloquent\Model>::apply() expects Illuminate\Database\Eloquent\Builder<Illuminate\Database\Eloquent\Model>, Illuminate\Database\Eloquent\Builde  
         r<Modules\Car\Models\Car> given.                                                                                                                                                                                           
         🪪  argument.type                                                                                                                                                                                                          
         💡  Template type TModel on class Illuminate\Database\Eloquent\Builder is not covariant. Learn more: https://phpstan.org/blog/whats-up-with-template-covariant                                                             
         at Modules/Car/Repositories/CarRepository.php:34                                                                                                                                                                           
 ------ --------------------------------------------------------------------------------------------------------------------------------------------------------------------------------------------------------------------------- 

 ------ ---------------------------------------------------------------------------------------------------------------------------------------------------------- 
  Line   Modules/Car/Repositories/Contracts/CarRepositoryInterface.php                                                                                             
 ------ ---------------------------------------------------------------------------------------------------------------------------------------------------------- 
  14     Method Modules\Car\Repositories\Contracts\CarRepositoryInterface::filtered() has parameter $filters with no value type specified in iterable type array.  
         🪪  missingType.iterableValue                                                                                                                             
         💡  See: https://phpstan.org/blog/solving-phpstan-no-value-type-specified-in-iterable-type                                                                
         at Modules/Car/Repositories/Contracts/CarRepositoryInterface.php:14                                                                                       
 ------ ---------------------------------------------------------------------------------------------------------------------------------------------------------- 

 ------ --------------------------------------------------------------------------------------------------------------------------------------------------------------------------------------------------------------------------- 
  Line   Modules/Car/Services/CarCompanyService.php                                                                                                                                                                                 
 ------ --------------------------------------------------------------------------------------------------------------------------------------------------------------------------------------------------------------------------- 
  15     Generic type App\Services\BaseService<Modules\Car\Models\CarCompany> in PHPDoc tag @extends does not specify all template types of class App\Services\BaseService: TModel, TRepository                                     
         🪪  generics.lessTypes                                                                                                                                                                                                     
         at Modules/Car/Services/CarCompanyService.php:15                                                                                                                                                                           
  20     Parameter #1 $repository of method App\Services\BaseService<Modules\Car\Models\CarCompany,App\Repositories\BaseRepository<TModel of Illuminate\Database\Eloquent\Model>>::__construct() expects App\Repositories\BaseRepo  
         sitory<TModel of Illuminate\Database\Eloquent\Model>, Modules\Car\Repositories\CarCompanyRepository given.                                                                                                                 
         🪪  argument.type                                                                                                                                                                                                          
         at Modules/Car/Services/CarCompanyService.php:20                                                                                                                                                                           
  26     Method Modules\Car\Services\CarCompanyService::getCompanies() has parameter $filters with no value type specified in iterable type array.                                                                                  
         🪪  missingType.iterableValue                                                                                                                                                                                              
         💡  See: https://phpstan.org/blog/solving-phpstan-no-value-type-specified-in-iterable-type                                                                                                                                 
         at Modules/Car/Services/CarCompanyService.php:26                                                                                                                                                                           
  38     Method Modules\Car\Services\CarCompanyService::create() should return Modules\Car\Models\CarCompany but returns Illuminate\Database\Eloquent\Model.                                                                        
         🪪  return.type                                                                                                                                                                                                            
         at Modules/Car/Services/CarCompanyService.php:38                                                                                                                                                                           
 ------ --------------------------------------------------------------------------------------------------------------------------------------------------------------------------------------------------------------------------- 

 ------ --------------------------------------------------------------------------------------------------------------------------------------- 
  Line   Modules/Car/Services/CarService.php                                                                                                    
 ------ --------------------------------------------------------------------------------------------------------------------------------------- 
  42     Cannot access property $id on Illuminate\Database\Eloquent\Model|null.                                                                 
         🪪  property.nonObject                                                                                                                 
         at Modules/Car/Services/CarService.php:42                                                                                              
  45     Method Modules\Car\Services\CarService::create() should return Modules\Car\Models\Car but returns Illuminate\Database\Eloquent\Model.  
         🪪  return.type                                                                                                                        
         at Modules/Car/Services/CarService.php:45                                                                                              
  51     Cannot access property $id on Illuminate\Database\Eloquent\Model|null.                                                                 
         🪪  property.nonObject                                                                                                                 
         at Modules/Car/Services/CarService.php:51                                                                                              
 ------ --------------------------------------------------------------------------------------------------------------------------------------- 

 ------ --------------------------------------------------------------------------------------------------------------------------------------------------------------------------------------------------------------------------- 
  Line   Modules/Car/Services/ColorService.php                                                                                                                                                                                      
 ------ --------------------------------------------------------------------------------------------------------------------------------------------------------------------------------------------------------------------------- 
  15     Generic type App\Services\BaseService<Modules\Car\Models\Color> in PHPDoc tag @extends does not specify all template types of class App\Services\BaseService: TModel, TRepository                                          
         🪪  generics.lessTypes                                                                                                                                                                                                     
         at Modules/Car/Services/ColorService.php:15                                                                                                                                                                                
  20     Parameter #1 $repository of method App\Services\BaseService<Modules\Car\Models\Color,App\Repositories\BaseRepository<TModel of Illuminate\Database\Eloquent\Model>>::__construct() expects App\Repositories\BaseRepositor  
         y<TModel of Illuminate\Database\Eloquent\Model>, Modules\Car\Repositories\ColorRepository given.                                                                                                                           
         🪪  argument.type                                                                                                                                                                                                          
         at Modules/Car/Services/ColorService.php:20                                                                                                                                                                                
  33     Call to an undefined method App\Repositories\BaseRepository<Modules\Car\Models\Color>::get().                                                                                                                              
         🪪  method.notFound                                                                                                                                                                                                        
         at Modules/Car/Services/ColorService.php:33                                                                                                                                                                                
  40     Method Modules\Car\Services\ColorService::create() should return Modules\Car\Models\Color but returns Illuminate\Database\Eloquent\Model.                                                                                  
         🪪  return.type                                                                                                                                                                                                            
         at Modules/Car/Services/ColorService.php:40                                                                                                                                                                                
 ------ --------------------------------------------------------------------------------------------------------------------------------------------------------------------------------------------------------------------------- 

 ------ --------------------------------------------------------------------------------------------------------------------------------- 
  Line   Modules/Car/app/Filters/CarFilter.php                                                                                            
 ------ --------------------------------------------------------------------------------------------------------------------------------- 
  7      Class Modules\Car\Filters\CarFilter extends generic class App\Filters\BaseFilter but does not specify its types: TModel          
         🪪  missingType.generics                                                                                                         
         at Modules/Car/app/Filters/CarFilter.php:7                                                                                       
  9      Method Modules\Car\Filters\CarFilter::__construct() has parameter $filters with no value type specified in iterable type array.  
         🪪  missingType.iterableValue                                                                                                    
         💡  See: https://phpstan.org/blog/solving-phpstan-no-value-type-specified-in-iterable-type                                       
         at Modules/Car/app/Filters/CarFilter.php:9                                                                                       
 ------ --------------------------------------------------------------------------------------------------------------------------------- 

 ------ -------------------------------------------------------------------------------------------------------- 
  Line   Modules/Car/app/Http/Controllers/CarController.php                                                      
 ------ -------------------------------------------------------------------------------------------------------- 
  13     Method Modules\Car\Http\Controllers\CarController::index() has no return type specified.                
         🪪  missingType.return                                                                                  
         at Modules/Car/app/Http/Controllers/CarController.php:13                                                
  21     Method Modules\Car\Http\Controllers\CarController::create() has no return type specified.               
         🪪  missingType.return                                                                                  
         at Modules/Car/app/Http/Controllers/CarController.php:21                                                
  23     Parameter #1 $view of function view expects view-string|null, string given.                             
         🪪  argument.type                                                                                       
         at Modules/Car/app/Http/Controllers/CarController.php:23                                                
  29     Method Modules\Car\Http\Controllers\CarController::store() has no return type specified.                
         🪪  missingType.return                                                                                  
         at Modules/Car/app/Http/Controllers/CarController.php:29                                                
  34     Method Modules\Car\Http\Controllers\CarController::show() has no return type specified.                 
         🪪  missingType.return                                                                                  
         at Modules/Car/app/Http/Controllers/CarController.php:34                                                
  34     Method Modules\Car\Http\Controllers\CarController::show() has parameter $id with no type specified.     
         🪪  missingType.parameter                                                                               
         at Modules/Car/app/Http/Controllers/CarController.php:34                                                
  36     Parameter #1 $view of function view expects view-string|null, string given.                             
         🪪  argument.type                                                                                       
         at Modules/Car/app/Http/Controllers/CarController.php:36                                                
  42     Method Modules\Car\Http\Controllers\CarController::edit() has no return type specified.                 
         🪪  missingType.return                                                                                  
         at Modules/Car/app/Http/Controllers/CarController.php:42                                                
  42     Method Modules\Car\Http\Controllers\CarController::edit() has parameter $id with no type specified.     
         🪪  missingType.parameter                                                                               
         at Modules/Car/app/Http/Controllers/CarController.php:42                                                
  44     Parameter #1 $view of function view expects view-string|null, string given.                             
         🪪  argument.type                                                                                       
         at Modules/Car/app/Http/Controllers/CarController.php:44                                                
  50     Method Modules\Car\Http\Controllers\CarController::update() has no return type specified.               
         🪪  missingType.return                                                                                  
         at Modules/Car/app/Http/Controllers/CarController.php:50                                                
  50     Method Modules\Car\Http\Controllers\CarController::update() has parameter $id with no type specified.   
         🪪  missingType.parameter                                                                               
         at Modules/Car/app/Http/Controllers/CarController.php:50                                                
  55     Method Modules\Car\Http\Controllers\CarController::destroy() has no return type specified.              
         🪪  missingType.return                                                                                  
         at Modules/Car/app/Http/Controllers/CarController.php:55                                                
  55     Method Modules\Car\Http\Controllers\CarController::destroy() has parameter $id with no type specified.  
         🪪  missingType.parameter                                                                               
         at Modules/Car/app/Http/Controllers/CarController.php:55                                                
 ------ -------------------------------------------------------------------------------------------------------- 

 ------ -------------------------------------------------------------------------- 
  Line   Modules/Car/app/Livewire/Forms/CarForm.php                                
 ------ -------------------------------------------------------------------------- 
  40     Cannot access property $slug on Illuminate\Database\Eloquent\Model|null.  
         🪪  property.nonObject                                                    
         at Modules/Car/app/Livewire/Forms/CarForm.php:40                          
 ------ -------------------------------------------------------------------------- 

 ------ --------------------------------------------------------------------------------------- 
  Line   Modules/Car/app/Livewire/Forms/ColorForm.php                                           
 ------ --------------------------------------------------------------------------------------- 
  38     Property Modules\Car\Livewire\Forms\ColorForm::$id (int|null) does not accept string.  
         🪪  assign.propertyType                                                                
         at Modules/Car/app/Livewire/Forms/ColorForm.php:38                                     
 ------ --------------------------------------------------------------------------------------- 

 ------ ----------------------------------------------------------------------------------------- 
  Line   Modules/Car/app/Livewire/Forms/CompanyForm.php                                           
 ------ ----------------------------------------------------------------------------------------- 
  15     Method Modules\Car\Livewire\Forms\CompanyForm::getRules() has no return type specified.  
         🪪  missingType.return                                                                   
         at Modules/Car/app/Livewire/Forms/CompanyForm.php:15                                     
 ------ ----------------------------------------------------------------------------------------- 

 ------ ------------------------------------------------------------------------------------------------------------------------------------------------------------------------------------- 
  Line   Modules/Car/app/Models/Car.php                                                                                                                                                       
 ------ ------------------------------------------------------------------------------------------------------------------------------------------------------------------------------------- 
  32     Method Modules\Car\Models\Car::company() return type with generic class Illuminate\Database\Eloquent\Relations\BelongsTo does not specify its types: TRelatedModel, TDeclaringModel  
         🪪  missingType.generics                                                                                                                                                             
         at Modules/Car/app/Models/Car.php:32                                                                                                                                                 
 ------ ------------------------------------------------------------------------------------------------------------------------------------------------------------------------------------- 

 ------ --------------------------------------------------------------------------------------------------------------------------------------------------- 
  Line   Modules/Car/app/Models/CarCompany.php                                                                                                              
 ------ --------------------------------------------------------------------------------------------------------------------------------------------------- 
  16     Class Modules\Car\Models\CarCompany extends generic class App\Models\BaseModel but does not specify its types: TModel                              
         🪪  missingType.generics                                                                                                                           
         at Modules/Car/app/Models/CarCompany.php:16                                                                                                        
  18     Class Modules\Car\Models\CarCompany uses generic trait Illuminate\Database\Eloquent\Factories\HasFactory but does not specify its types: TFactory  
         🪪  missingType.generics                                                                                                                           
         at Modules/Car/app/Models/CarCompany.php:18                                                                                                        
 ------ --------------------------------------------------------------------------------------------------------------------------------------------------- 

 ------ ---------------------------------------------------------------------------------------------------------------------------------------------- 
  Line   Modules/Car/app/Models/Color.php                                                                                                              
 ------ ---------------------------------------------------------------------------------------------------------------------------------------------- 
  17     Class Modules\Car\Models\Color extends generic class App\Models\BaseModel but does not specify its types: TModel                              
         🪪  missingType.generics                                                                                                                      
         at Modules/Car/app/Models/Color.php:17                                                                                                        
  20     Class Modules\Car\Models\Color uses generic trait Illuminate\Database\Eloquent\Factories\HasFactory but does not specify its types: TFactory  
         🪪  missingType.generics                                                                                                                      
         at Modules/Car/app/Models/Color.php:20                                                                                                        
 ------ ---------------------------------------------------------------------------------------------------------------------------------------------- 

 ------ -------------------------------------------------------------------------------------------------------------------------------------------------- 
  Line   Modules/Car/app/Models/Companies.php                                                                                                              
 ------ -------------------------------------------------------------------------------------------------------------------------------------------------- 
  11     Class Modules\Car\Models\Companies uses generic trait Illuminate\Database\Eloquent\Factories\HasFactory but does not specify its types: TFactory  
         🪪  missingType.generics                                                                                                                          
         at Modules/Car/app/Models/Companies.php:11                                                                                                        
 ------ -------------------------------------------------------------------------------------------------------------------------------------------------- 

 ------ ------------------------------------------------------------------------------------------------------ 
  Line   Modules/Car/app/Models/UserCar.php                                                                    
 ------ ------------------------------------------------------------------------------------------------------ 
  47     Parameter #1 $value of static method App\Helpers\Utils::eDigits() expects string, string|null given.  
         🪪  argument.type                                                                                     
         at Modules/Car/app/Models/UserCar.php:47                                                              
 ------ ------------------------------------------------------------------------------------------------------ 

 ------ -------------------------------------------------------------------------------------------------------------------------------------------------------------------- 
  Line   Modules/Car/database/factories/CarCompanyFactory.php                                                                                                                
 ------ -------------------------------------------------------------------------------------------------------------------------------------------------------------------- 
  10     Class Modules\Car\Database\Factories\CarCompanyFactory extends generic class Illuminate\Database\Eloquent\Factories\Factory but does not specify its types: TModel  
         🪪  missingType.generics                                                                                                                                            
         at Modules/Car/database/factories/CarCompanyFactory.php:10                                                                                                          
 ------ -------------------------------------------------------------------------------------------------------------------------------------------------------------------- 

 ------ ------------------------------------------------------------------------------------------------------------------------------------------------------------- 
  Line   Modules/Car/database/factories/CarFactory.php                                                                                                                
 ------ ------------------------------------------------------------------------------------------------------------------------------------------------------------- 
  9      Class Modules\Car\Database\Factories\CarFactory extends generic class Illuminate\Database\Eloquent\Factories\Factory but does not specify its types: TModel  
         🪪  missingType.generics                                                                                                                                     
         at Modules/Car/database/factories/CarFactory.php:9                                                                                                           
 ------ ------------------------------------------------------------------------------------------------------------------------------------------------------------- 

 ------ -------------------------------------------------------------------------------------------------------------------- 
  Line   Modules/Dashboard/app/Http/Controllers/DashboardController.php                                                      
 ------ -------------------------------------------------------------------------------------------------------------------- 
  13     Method Modules\Dashboard\Http\Controllers\DashboardController::index() has no return type specified.                
         🪪  missingType.return                                                                                              
         at Modules/Dashboard/app/Http/Controllers/DashboardController.php:13                                                
  15     Parameter #1 $view of function view expects view-string|null, string given.                                         
         🪪  argument.type                                                                                                   
         at Modules/Dashboard/app/Http/Controllers/DashboardController.php:15                                                
  21     Method Modules\Dashboard\Http\Controllers\DashboardController::create() has no return type specified.               
         🪪  missingType.return                                                                                              
         at Modules/Dashboard/app/Http/Controllers/DashboardController.php:21                                                
  23     Parameter #1 $view of function view expects view-string|null, string given.                                         
         🪪  argument.type                                                                                                   
         at Modules/Dashboard/app/Http/Controllers/DashboardController.php:23                                                
  29     Method Modules\Dashboard\Http\Controllers\DashboardController::store() has no return type specified.                
         🪪  missingType.return                                                                                              
         at Modules/Dashboard/app/Http/Controllers/DashboardController.php:29                                                
  34     Method Modules\Dashboard\Http\Controllers\DashboardController::show() has no return type specified.                 
         🪪  missingType.return                                                                                              
         at Modules/Dashboard/app/Http/Controllers/DashboardController.php:34                                                
  34     Method Modules\Dashboard\Http\Controllers\DashboardController::show() has parameter $id with no type specified.     
         🪪  missingType.parameter                                                                                           
         at Modules/Dashboard/app/Http/Controllers/DashboardController.php:34                                                
  36     Parameter #1 $view of function view expects view-string|null, string given.                                         
         🪪  argument.type                                                                                                   
         at Modules/Dashboard/app/Http/Controllers/DashboardController.php:36                                                
  42     Method Modules\Dashboard\Http\Controllers\DashboardController::edit() has no return type specified.                 
         🪪  missingType.return                                                                                              
         at Modules/Dashboard/app/Http/Controllers/DashboardController.php:42                                                
  42     Method Modules\Dashboard\Http\Controllers\DashboardController::edit() has parameter $id with no type specified.     
         🪪  missingType.parameter                                                                                           
         at Modules/Dashboard/app/Http/Controllers/DashboardController.php:42                                                
  44     Parameter #1 $view of function view expects view-string|null, string given.                                         
         🪪  argument.type                                                                                                   
         at Modules/Dashboard/app/Http/Controllers/DashboardController.php:44                                                
  50     Method Modules\Dashboard\Http\Controllers\DashboardController::update() has no return type specified.               
         🪪  missingType.return                                                                                              
         at Modules/Dashboard/app/Http/Controllers/DashboardController.php:50                                                
  50     Method Modules\Dashboard\Http\Controllers\DashboardController::update() has parameter $id with no type specified.   
         🪪  missingType.parameter                                                                                           
         at Modules/Dashboard/app/Http/Controllers/DashboardController.php:50                                                
  55     Method Modules\Dashboard\Http\Controllers\DashboardController::destroy() has no return type specified.              
         🪪  missingType.return                                                                                              
         at Modules/Dashboard/app/Http/Controllers/DashboardController.php:55                                                
  55     Method Modules\Dashboard\Http\Controllers\DashboardController::destroy() has parameter $id with no type specified.  
         🪪  missingType.parameter                                                                                           
         at Modules/Dashboard/app/Http/Controllers/DashboardController.php:55                                                
 ------ -------------------------------------------------------------------------------------------------------------------- 

 ------ --------------------------------------------------------------- 
  Line   Modules/Dashboard/app/Livewire/Security.php                    
 ------ --------------------------------------------------------------- 
  44     Cannot call method update() on Modules\User\Models\User|null.  
         🪪  method.nonObject                                           
         at Modules/Dashboard/app/Livewire/Security.php:44              
 ------ --------------------------------------------------------------- 

 ------ --------------------------------------------------------------------------------------------------------------------------------------------------------------------------------------------------------------------------- 
  Line   Modules/Order/Repositories/OrderRepository.php                                                                                                                                                                             
 ------ --------------------------------------------------------------------------------------------------------------------------------------------------------------------------------------------------------------------------- 
  34     Parameter #1 $builder of method App\Filters\BaseFilter<Illuminate\Database\Eloquent\Model>::apply() expects Illuminate\Database\Eloquent\Builder<Illuminate\Database\Eloquent\Model>, Illuminate\Database\Eloquent\Builde  
         r<Modules\Order\app\Models\Order> given.                                                                                                                                                                                   
         🪪  argument.type                                                                                                                                                                                                          
         💡  Template type TModel on class Illuminate\Database\Eloquent\Builder is not covariant. Learn more: https://phpstan.org/blog/whats-up-with-template-covariant                                                             
         at Modules/Order/Repositories/OrderRepository.php:34                                                                                                                                                                       
 ------ --------------------------------------------------------------------------------------------------------------------------------------------------------------------------------------------------------------------------- 

 ------ --------------------------------------------------------------------------------------------------------------------------------- 
  Line   Modules/Order/app/Filters/OrderFilter.php                                                                                        
 ------ --------------------------------------------------------------------------------------------------------------------------------- 
  7      Class Modules\Order\app\Filters\OrderFilter extends generic class App\Filters\BaseFilter but does not specify its types: TModel  
         🪪  missingType.generics                                                                                                         
         at Modules/Order/app/Filters/OrderFilter.php:7                                                                                   
 ------ --------------------------------------------------------------------------------------------------------------------------------- 

 ------ ----------------------------------------------------------------------------------------------------------------------------------------------------------------------------------------------------- 
  Line   Modules/Order/app/Livewire/Forms/OrderForm.php                                                                                                                                                       
 ------ ----------------------------------------------------------------------------------------------------------------------------------------------------------------------------------------------------- 
  41     Method Modules\Order\app\Livewire\Forms\OrderForm::save() should return Modules\Order\app\Models\Order but returns bool.                                                                             
         🪪  return.type                                                                                                                                                                                      
         at Modules/Order/app/Livewire/Forms/OrderForm.php:41                                                                                                                                                 
  41     Parameter #1 $model of method App\Services\BaseService<Modules\Order\app\Models\Order,Modules\Order\Repositories\OrderRepository>::update() expects int|Modules\Order\app\Models\Order, null given.  
         🪪  argument.type                                                                                                                                                                                    
         at Modules/Order/app/Livewire/Forms/OrderForm.php:41                                                                                                                                                 
 ------ ----------------------------------------------------------------------------------------------------------------------------------------------------------------------------------------------------- 

 ------ ----------------------------------------------------------------------------------------------------------------------------------------------------------------------------------------------------------------------- 
  Line   Modules/Order/app/Livewire/OrderEdit.php                                                                                                                                                                               
 ------ ----------------------------------------------------------------------------------------------------------------------------------------------------------------------------------------------------------------------- 
  36     Parameter #1 $message of static method Illuminate\Log\Logger::info() expects array|Illuminate\Contracts\Support\Arrayable|Illuminate\Contracts\Support\Jsonable|Illuminate\Support\Stringable|string, int|null given.  
         🪪  argument.type                                                                                                                                                                                                      
         at Modules/Order/app/Livewire/OrderEdit.php:36                                                                                                                                                                         
 ------ ----------------------------------------------------------------------------------------------------------------------------------------------------------------------------------------------------------------------- 

 ------ ----------------------------------------------------------------------------------------------------------------------------------------------------------------- 
  Line   Modules/Order/database/factories/OrderFactory.php                                                                                                                
 ------ ----------------------------------------------------------------------------------------------------------------------------------------------------------------- 
  8      Class Modules\Order\database\factories\OrderFactory extends generic class Illuminate\Database\Eloquent\Factories\Factory but does not specify its types: TModel  
         🪪  missingType.generics                                                                                                                                         
         at Modules/Order/database/factories/OrderFactory.php:8                                                                                                           
 ------ ----------------------------------------------------------------------------------------------------------------------------------------------------------------- 

 ------ --------------------------------------------------------------------------------------- 
  Line   Modules/Order/database/seeders/OrderSeeder.php                                         
 ------ --------------------------------------------------------------------------------------- 
  24     Access to an undefined property Modules\Car\Models\UserCar::$user_id.                  
         🪪  property.notFound                                                                  
         💡  Learn more: https://phpstan.org/blog/solving-phpstan-access-to-undefined-property  
         at Modules/Order/database/seeders/OrderSeeder.php:24                                   
  29     Access to an undefined property Modules\Car\Models\UserCar::$name.                     
         🪪  property.notFound                                                                  
         💡  Learn more: https://phpstan.org/blog/solving-phpstan-access-to-undefined-property  
         at Modules/Order/database/seeders/OrderSeeder.php:29                                   
 ------ --------------------------------------------------------------------------------------- 

 ------ ---------------------------------------------------------------------- 
  Line   Modules/Order/routes/api.php                                          
 ------ ---------------------------------------------------------------------- 
  7      Class Modules\Order\Http\Controllers\OrderController not found.       
         🪪  class.notFound                                                    
         💡  Learn more at https://phpstan.org/user-guide/discovering-symbols  
         at Modules/Order/routes/api.php:7                                     
 ------ ---------------------------------------------------------------------- 

 ------ --------------------------------------------------------------------------------------------------------------------------------------------------------------------------------------------------------------------------- 
  Line   Modules/User/Repositories/UserCarRepository.php                                                                                                                                                                            
 ------ --------------------------------------------------------------------------------------------------------------------------------------------------------------------------------------------------------------------------- 
  48     Parameter #1 $builder of method App\Filters\BaseFilter<Illuminate\Database\Eloquent\Model>::apply() expects Illuminate\Database\Eloquent\Builder<Illuminate\Database\Eloquent\Model>, Illuminate\Database\Eloquent\Builde  
         r<Modules\Car\Models\UserCar> given.                                                                                                                                                                                       
         🪪  argument.type                                                                                                                                                                                                          
         💡  Template type TModel on class Illuminate\Database\Eloquent\Builder is not covariant. Learn more: https://phpstan.org/blog/whats-up-with-template-covariant                                                             
         at Modules/User/Repositories/UserCarRepository.php:48                                                                                                                                                                      
 ------ --------------------------------------------------------------------------------------------------------------------------------------------------------------------------------------------------------------------------- 

 ------ ------------------------------------------------------------------------------------------------------ 
  Line   Modules/User/Services/UserCarService.php                                                              
 ------ ------------------------------------------------------------------------------------------------------ 
  30     Call to an undefined method App\Repositories\BaseRepository<Modules\Car\Models\UserCar>::filtered().  
         🪪  method.notFound                                                                                   
         at Modules/User/Services/UserCarService.php:30                                                        
 ------ ------------------------------------------------------------------------------------------------------ 

 ------ ------------------------------------------------------------------------------------------------------------------------------ 
  Line   Modules/User/app/Filters/UserCarFilter.php                                                                                    
 ------ ------------------------------------------------------------------------------------------------------------------------------ 
  7      Class Modules\User\Filters\UserCarFilter extends generic class App\Filters\BaseFilter but does not specify its types: TModel  
         🪪  missingType.generics                                                                                                      
         at Modules/User/app/Filters/UserCarFilter.php:7                                                                               
 ------ ------------------------------------------------------------------------------------------------------------------------------ 

 ------ ---------------------------------------------------------------------------------------------------------- 
  Line   Modules/User/app/Http/Controllers/UserController.php                                                      
 ------ ---------------------------------------------------------------------------------------------------------- 
  13     Method Modules\User\Http\Controllers\UserController::index() has no return type specified.                
         🪪  missingType.return                                                                                    
         at Modules/User/app/Http/Controllers/UserController.php:13                                                
  21     Method Modules\User\Http\Controllers\UserController::create() has no return type specified.               
         🪪  missingType.return                                                                                    
         at Modules/User/app/Http/Controllers/UserController.php:21                                                
  23     Parameter #1 $view of function view expects view-string|null, string given.                               
         🪪  argument.type                                                                                         
         at Modules/User/app/Http/Controllers/UserController.php:23                                                
  29     Method Modules\User\Http\Controllers\UserController::store() has no return type specified.                
         🪪  missingType.return                                                                                    
         at Modules/User/app/Http/Controllers/UserController.php:29                                                
  34     Method Modules\User\Http\Controllers\UserController::show() has no return type specified.                 
         🪪  missingType.return                                                                                    
         at Modules/User/app/Http/Controllers/UserController.php:34                                                
  34     Method Modules\User\Http\Controllers\UserController::show() has parameter $id with no type specified.     
         🪪  missingType.parameter                                                                                 
         at Modules/User/app/Http/Controllers/UserController.php:34                                                
  36     Parameter #1 $view of function view expects view-string|null, string given.                               
         🪪  argument.type                                                                                         
         at Modules/User/app/Http/Controllers/UserController.php:36                                                
  42     Method Modules\User\Http\Controllers\UserController::edit() has no return type specified.                 
         🪪  missingType.return                                                                                    
         at Modules/User/app/Http/Controllers/UserController.php:42                                                
  42     Method Modules\User\Http\Controllers\UserController::edit() has parameter $id with no type specified.     
         🪪  missingType.parameter                                                                                 
         at Modules/User/app/Http/Controllers/UserController.php:42                                                
  44     Parameter #1 $view of function view expects view-string|null, string given.                               
         🪪  argument.type                                                                                         
         at Modules/User/app/Http/Controllers/UserController.php:44                                                
  50     Method Modules\User\Http\Controllers\UserController::update() has no return type specified.               
         🪪  missingType.return                                                                                    
         at Modules/User/app/Http/Controllers/UserController.php:50                                                
  50     Method Modules\User\Http\Controllers\UserController::update() has parameter $id with no type specified.   
         🪪  missingType.parameter                                                                                 
         at Modules/User/app/Http/Controllers/UserController.php:50                                                
  55     Method Modules\User\Http\Controllers\UserController::destroy() has no return type specified.              
         🪪  missingType.return                                                                                    
         at Modules/User/app/Http/Controllers/UserController.php:55                                                
  55     Method Modules\User\Http\Controllers\UserController::destroy() has parameter $id with no type specified.  
         🪪  missingType.parameter                                                                                 
         at Modules/User/app/Http/Controllers/UserController.php:55                                                
 ------ ---------------------------------------------------------------------------------------------------------- 

 ------ -------------------------------------------------------------------------------------------------------------------------------------------- 
  Line   Modules/User/app/Livewire/Forms/UserForm.php                                                                                                
 ------ -------------------------------------------------------------------------------------------------------------------------------------------- 
  20     Method Modules\User\Livewire\Forms\UserForm::getRules() has no return type specified.                                                       
         🪪  missingType.return                                                                                                                      
         at Modules/User/app/Livewire/Forms/UserForm.php:20                                                                                          
  54     Method Modules\User\Livewire\Forms\UserForm::save() should return Modules\User\Models\User but returns Illuminate\Database\Eloquent\Model.  
         🪪  return.type                                                                                                                             
         at Modules/User/app/Livewire/Forms/UserForm.php:54                                                                                          
 ------ -------------------------------------------------------------------------------------------------------------------------------------------- 

 ------ --------------------------------------------------------------- 
  Line   Modules/User/app/Livewire/Settings/DeleteUserForm.php          
 ------ --------------------------------------------------------------- 
  25     Cannot call method delete() on Modules\User\Models\User|null.  
         🪪  method.nonObject                                           
         at Modules/User/app/Livewire/Settings/DeleteUserForm.php:25    
 ------ --------------------------------------------------------------- 

 ------ ------------------------------------------------------------------------------------------------------------------ 
  Line   Modules/User/app/Livewire/Settings/Profile.php                                                                    
 ------ ------------------------------------------------------------------------------------------------------------------ 
  30     Cannot access property $first_name on Modules\User\Models\User|null.                                              
         🪪  property.nonObject                                                                                            
         at Modules/User/app/Livewire/Settings/Profile.php:30                                                              
  31     Cannot access property $last_name on Modules\User\Models\User|null.                                               
         🪪  property.nonObject                                                                                            
         at Modules/User/app/Livewire/Settings/Profile.php:31                                                              
  32     Cannot access property $email on Modules\User\Models\User|null.                                                   
         🪪  property.nonObject                                                                                            
         at Modules/User/app/Livewire/Settings/Profile.php:32                                                              
  33     Cannot access property $mobile on Modules\User\Models\User|null.                                                  
         🪪  property.nonObject                                                                                            
         at Modules/User/app/Livewire/Settings/Profile.php:33                                                              
  33     Property Modules\User\Livewire\Settings\Profile::$mobile (string) does not accept string|null.                    
         🪪  assign.propertyType                                                                                           
         at Modules/User/app/Livewire/Settings/Profile.php:33                                                              
  43     Cannot access property $id on Modules\User\Models\User|null.                                                      
         🪪  property.nonObject                                                                                            
         at Modules/User/app/Livewire/Settings/Profile.php:43                                                              
  45     Cannot call method fill() on Modules\User\Models\User|null.                                                       
         🪪  method.nonObject                                                                                              
         at Modules/User/app/Livewire/Settings/Profile.php:45                                                              
  47     Cannot call method isDirty() on Modules\User\Models\User|null.                                                    
         🪪  method.nonObject                                                                                              
         at Modules/User/app/Livewire/Settings/Profile.php:47                                                              
  48     Cannot access property $email_verified_at on Modules\User\Models\User|null.                                       
         🪪  property.nonObject                                                                                            
         at Modules/User/app/Livewire/Settings/Profile.php:48                                                              
  51     Cannot call method save() on Modules\User\Models\User|null.                                                       
         🪪  method.nonObject                                                                                              
         at Modules/User/app/Livewire/Settings/Profile.php:51                                                              
  63     Cannot call method hasVerifiedEmail() on Modules\User\Models\User|null.                                           
         🪪  method.nonObject                                                                                              
         at Modules/User/app/Livewire/Settings/Profile.php:63                                                              
  69     Cannot call method sendEmailVerificationNotification() on Modules\User\Models\User|null.                          
         🪪  method.nonObject                                                                                              
         at Modules/User/app/Livewire/Settings/Profile.php:69                                                              
  79     Cannot call method hasVerifiedEmail() on Modules\User\Models\User|null.                                           
         🪪  method.nonObject                                                                                              
         at Modules/User/app/Livewire/Settings/Profile.php:79                                                              
  79     Parameter #1 $class of function class_uses_recursive expects object|string, Modules\User\Models\User|null given.  
         🪪  argument.type                                                                                                 
         at Modules/User/app/Livewire/Settings/Profile.php:79                                                              
 ------ ------------------------------------------------------------------------------------------------------------------ 

 ------ -------------------------------------------------------------------------------------------------------------- 
  Line   Modules/User/app/Livewire/UserCar/UserCarEdit.php                                                             
 ------ -------------------------------------------------------------------------------------------------------------- 
  36     Method Modules\User\Livewire\UserCar\UserCarEdit::resetForm() has parameter $userCar with no type specified.  
         🪪  missingType.parameter                                                                                     
         at Modules/User/app/Livewire/UserCar/UserCarEdit.php:36                                                       
  49     Property Modules\Car\Models\UserCar::$manufactured_at (Carbon\CarbonImmutable|null) does not accept string.   
         🪪  assign.propertyType                                                                                       
         at Modules/User/app/Livewire/UserCar/UserCarEdit.php:49                                                       
  72     Cannot access property $last_name on Modules\User\Models\User|null.                                           
         🪪  property.nonObject                                                                                        
         at Modules/User/app/Livewire/UserCar/UserCarEdit.php:72                                                       
 ------ -------------------------------------------------------------------------------------------------------------- 

 ------ --------------------------------------------------------- 
  Line   Modules/User/app/Livewire/UserCar/UserCarForm.php        
 ------ --------------------------------------------------------- 
  28     Unreachable statement - code above always terminates.    
         🪪  deadCode.unreachable                                 
         at Modules/User/app/Livewire/UserCar/UserCarForm.php:28  
 ------ --------------------------------------------------------- 

 ------ ------------------------------------------------------------------------------------- 
  Line   Modules/User/app/Livewire/UsersList.php                                              
 ------ ------------------------------------------------------------------------------------- 
  12     Method Modules\User\Livewire\UsersList::onEditClick() has no return type specified.  
         🪪  missingType.return                                                               
         at Modules/User/app/Livewire/UsersList.php:12                                        
 ------ ------------------------------------------------------------------------------------- 

 ------ ---------------------------------------------------------------------------------------------------- 
  Line   Modules/User/app/Models/User.php                                                                    
 ------ ---------------------------------------------------------------------------------------------------- 
  61     Cannot call method where() on Illuminate\Database\Eloquent\Builder<Modules\User\Models\User>|null.  
         🪪  method.nonObject                                                                                
         at Modules/User/app/Models/User.php:61                                                              
 ------ ---------------------------------------------------------------------------------------------------- 

 ------ ------------------------------------------------------------------------------------------------------------------------------------------------------------------ 
  Line   Modules/User/database/factories/UserCarFactory.php                                                                                                                
 ------ ------------------------------------------------------------------------------------------------------------------------------------------------------------------ 
  10     Class Modules\User\Database\Factories\UserCarFactory extends generic class Illuminate\Database\Eloquent\Factories\Factory but does not specify its types: TModel  
         🪪  missingType.generics                                                                                                                                          
         at Modules/User/database/factories/UserCarFactory.php:10                                                                                                          
 ------ ------------------------------------------------------------------------------------------------------------------------------------------------------------------ 

 ------ --------------------------------------------------------------------------------------------------------------------------------------------------------------- 
  Line   Modules/User/database/factories/UserFactory.php                                                                                                                
 ------ --------------------------------------------------------------------------------------------------------------------------------------------------------------- 
  11     Class Modules\User\Database\Factories\UserFactory extends generic class Illuminate\Database\Eloquent\Factories\Factory but does not specify its types: TModel  
         🪪  missingType.generics                                                                                                                                       
         at Modules/User/database/factories/UserFactory.php:11                                                                                                          
 ------ --------------------------------------------------------------------------------------------------------------------------------------------------------------- 

 ------ ---------------------------------------------------------------------------- 
  Line   app/Helpers/Utils.php                                                       
 ------ ---------------------------------------------------------------------------- 
  18     Parameter #1 $string of function substr expects string, string|null given.  
         🪪  argument.type                                                           
         at app/Helpers/Utils.php:18                                                 
  19     Parameter #1 $string of function substr expects string, string|null given.  
         🪪  argument.type                                                           
         at app/Helpers/Utils.php:19                                                 
  20     Parameter #1 $string of function substr expects string, string|null given.  
         🪪  argument.type                                                           
         at app/Helpers/Utils.php:20                                                 
 ------ ---------------------------------------------------------------------------- 

 ------ -------------------------------------------------------------------------------------------------------------------------------------------------------------------- 
  Line   app/Repositories/BaseRepository.php                                                                                                                                 
 ------ -------------------------------------------------------------------------------------------------------------------------------------------------------------------- 
  76     Method App\Repositories\BaseRepository::findBy() should return Illuminate\Database\Eloquent\Model but returns (TModel of Illuminate\Database\Eloquent\Model)|null.  
         🪪  return.type                                                                                                                                                     
         at app/Repositories/BaseRepository.php:76                                                                                                                           
  93     Method App\Repositories\BaseRepository::delete() should return bool but returns bool|null.                                                                          
         🪪  return.type                                                                                                                                                     
         at app/Repositories/BaseRepository.php:93                                                                                                                           
 ------ -------------------------------------------------------------------------------------------------------------------------------------------------------------------- 

 ------ ------------------------------------------------------------------------------------------------------------------------------------------------------------------------------------------------------------------ 
  Line   app/Services/BaseService.php                                                                                                                                                                                      
 ------ ------------------------------------------------------------------------------------------------------------------------------------------------------------------------------------------------------------------ 
  71     Parameter #1 $model of method App\Repositories\BaseRepository<TModel of Illuminate\Database\Eloquent\Model>::update() expects Illuminate\Database\Eloquent\Model, Illuminate\Database\Eloquent\Model|null given.  
         🪪  argument.type                                                                                                                                                                                                 
         at app/Services/BaseService.php:71                                                                                                                                                                                
 ------ ------------------------------------------------------------------------------------------------------------------------------------------------------------------------------------------------------------------ 

 [ERROR] Found 114 errors                                                                                               

